Microchip MPLAB XC8 Compiler V1.41 ()

Linker command line:

-W-3 --edf=C:\Program Files (x86)\Microchip\xc8\v1.41\dat\en_msgs.txt -cs \
  -h+dist/default/production\Ultrasonic.X.production.sym \
  --cmf=dist/default/production\Ultrasonic.X.production.cmf -z -Q16F1503 \
  -oC:\Users\Liam\AppData\Local\Temp\s8g4.2 \
  -Mdist/default/production/Ultrasonic.X.production.map -E1 -ver=XC8 \
  -ASTACK=02035h-0206fh -pstack=STACK -ACODE=00h-07FFh -ASTRCODE=00h-07FFh \
  -ASTRING=00h-0FFhx8 -ACONST=00h-0FFhx8 -AENTRY=00h-0FFhx8 \
  -ACOMMON=070h-07Fh -ABANK0=020h-06Fh -ABANK1=0A0h-0BFh \
  -ABIGRAM=02000h-0206Fh -ARAM=020h-06Fh,0A0h-0BFh \
  -AABS1=020h-07Fh,0A0h-0BFh -ASFR0=00h-01Fh -ASFR1=080h-09Fh \
  -ASFR2=0100h-016Fh -ASFR3=0180h-01EFh -ASFR4=0200h-026Fh \
  -ASFR5=0280h-02EFh -ASFR6=0300h-036Fh -ASFR7=0380h-03EFh \
  -ASFR8=0400h-046Fh -ASFR9=0480h-04EFh -ASFR10=0500h-056Fh \
  -ASFR11=0580h-05EFh -ASFR12=0600h-066Fh -ASFR13=0680h-06EFh \
  -ASFR14=0700h-076Fh -ASFR15=0780h-07EFh -ASFR16=0800h-086Fh \
  -ASFR17=0880h-08EFh -ASFR18=0900h-096Fh -ASFR19=0980h-09EFh \
  -ASFR20=0A00h-0A6Fh -ASFR21=0A80h-0AEFh -ASFR22=0B00h-0B6Fh \
  -ASFR23=0B80h-0BEFh -ASFR24=0C00h-0C6Fh -ASFR25=0C80h-0CEFh \
  -ASFR26=0D00h-0D6Fh -ASFR27=0D80h-0DEFh -ASFR28=0E00h-0E6Fh \
  -ASFR29=0E80h-0EEFh -ASFR30=0F00h-0F6Fh -ASFR31=0F80h-0FEFh \
  -preset_vec=00h,intentry,init,end_init -ppowerup=CODE -pcinit=CODE \
  -pfunctab=CODE -ACONFIG=08007h-08008h -pconfig=CONFIG -DCONFIG=2 \
  -AIDLOC=08000h-08003h -pidloc=IDLOC -DIDLOC=2 -DCODE=2 -DSTRCODE=2 \
  -DSTRING=2 -DCONST=2 -DENTRY=2 -k \
  C:\Users\Liam\AppData\Local\Temp\s8g4.obj \
  dist/default/production\Ultrasonic.X.production.obj 

Object code version is 3.11

Machine type is 16F1503



                Name                               Link     Load   Length Selector   Space Scale
C:\Users\Liam\AppData\Local\Temp\s8g4.obj
                end_init                              1        1        1        0       0
                reset_vec                             0        0        1        0       0
                config                             8007     8007        2    1000E       0
dist/default/production\Ultrasonic.X.production.obj
                cinit                               7FE      7FE        2      FFC       0
                text14                              4A3      4A3       14      946       0
                text13                              476      476        E      8EC       0
                text12                              5B8      5B8       64      B70       0
                text11                              6A3      6A3       A8      D46       0
                text10                              74B      74B       B3      E96       0
                text9                               61C      61C       87      C38       0
                text8                               4E4      4E4       19      9C8       0
                text7                               4B7      4B7       15      96E       0
                text6                               4CC      4CC       18      998       0
                text5                               493      493       10      926       0
                text4                               4FD      4FD       1B      9FA       0
                text3                               55E      55E       5A      ABC       0
                text2                               45C      45C        D      8B8       0
                text1                               484      484        F      908       0
                maintext                            518      518       46      A30       0
                cstackBANK0                          20       20       35       20       1
                cstackCOMMON                         70       70        D       70       1
                stringtext                          469      469        D      8D2       0

TOTAL           Name                               Link     Load   Length     Space
        CLASS   STACK          

        CLASS   CODE           
                end_init                              1        1        1         0
                cinit                               7FE      7FE        2         0
                reset_vec                             0        0        1         0
                text14                              4A3      4A3       14         0
                text13                              476      476        E         0
                text12                              5B8      5B8       64         0
                text11                              6A3      6A3       A8         0
                text10                              74B      74B       B3         0
                text9                               61C      61C       87         0
                text8                               4E4      4E4       19         0
                text7                               4B7      4B7       15         0
                text6                               4CC      4CC       18         0
                text5                               493      493       10         0
                text4                               4FD      4FD       1B         0
                text3                               55E      55E       5A         0
                text2                               45C      45C        D         0
                text1                               484      484        F         0
                maintext                            518      518       46         0

        CLASS   STRCODE        
                stringtext                          469      469        D         0

        CLASS   STRING         

        CLASS   CONST          

        CLASS   ENTRY          

        CLASS   COMMON         
                cstackCOMMON                         70       70        D         1

        CLASS   BANK0          
                cstackBANK0                          20       20       35         1

        CLASS   BANK1          

        CLASS   BIGRAM         

        CLASS   RAM            

        CLASS   ABS1           
                abs_s1                               7E       7E        2         1

        CLASS   SFR0           

        CLASS   SFR1           

        CLASS   SFR2           

        CLASS   SFR3           

        CLASS   SFR4           

        CLASS   SFR5           

        CLASS   SFR6           

        CLASS   SFR7           

        CLASS   SFR8           

        CLASS   SFR9           

        CLASS   SFR10          

        CLASS   SFR11          

        CLASS   SFR12          

        CLASS   SFR13          

        CLASS   SFR14          

        CLASS   SFR15          

        CLASS   SFR16          

        CLASS   SFR17          

        CLASS   SFR18          

        CLASS   SFR19          

        CLASS   SFR20          

        CLASS   SFR21          

        CLASS   SFR22          

        CLASS   SFR23          

        CLASS   SFR24          

        CLASS   SFR25          

        CLASS   SFR26          

        CLASS   SFR27          

        CLASS   SFR28          

        CLASS   SFR29          

        CLASS   SFR30          

        CLASS   SFR31          

        CLASS   CONFIG         
                config                             8007     8007        2         0

        CLASS   IDLOC          

        CLASS   BANK31         

        CLASS   BANK30         

        CLASS   BANK29         

        CLASS   BANK28         

        CLASS   BANK27         

        CLASS   BANK26         

        CLASS   BANK25         

        CLASS   BANK24         

        CLASS   BANK23         

        CLASS   BANK22         

        CLASS   BANK21         

        CLASS   BANK20         

        CLASS   BANK19         

        CLASS   BANK18         

        CLASS   BANK17         

        CLASS   BANK16         

        CLASS   BANK15         

        CLASS   BANK14         

        CLASS   BANK13         

        CLASS   BANK12         

        CLASS   BANK11         

        CLASS   BANK10         

        CLASS   BANK9          

        CLASS   BANK8          

        CLASS   BANK7          

        CLASS   BANK6          

        CLASS   BANK5          

        CLASS   BANK4          

        CLASS   BANK3          

        CLASS   BANK2          

        CLASS   EEDATA         



SEGMENTS        Name                           Load    Length   Top    Selector   Space  Class     Delta

                reset_vec                      000000  000002  000002         0       0  CODE        2
                cstackBANK0                    000020  000035  000055        20       1  BANK0       1
                cstackCOMMON                   000070  00000D  00007D        70       1  COMMON      1
                text2                          00045C  00000D  000469       8B8       0  CODE        2
                stringtext                     000469  00000D  000476       8D2       0  STRCODE     2
                text13                         000476  00000E  000484       8EC       0  CODE        2
                text1                          000484  00000F  000493       908       0  CODE        2
                text5                          000493  000010  0004A3       926       0  CODE        2
                text14                         0004A3  000014  0004B7       946       0  CODE        2
                text7                          0004B7  000015  0004CC       96E       0  CODE        2
                text6                          0004CC  000018  0004E4       998       0  CODE        2
                text8                          0004E4  000019  0004FD       9C8       0  CODE        2
                text4                          0004FD  00001B  000518       9FA       0  CODE        2
                maintext                       000518  000046  00055E       A30       0  CODE        2
                text3                          00055E  00005A  0005B8       ABC       0  CODE        2
                text12                         0005B8  000064  00061C       B70       0  CODE        2
                text9                          00061C  000087  0006A3       C38       0  CODE        2
                text11                         0006A3  0000A8  00074B       D46       0  CODE        2
                text10                         00074B  0000B3  0007FE       E96       0  CODE        2
                cinit                          0007FE  000002  000800       FFC       0  CODE        2
                config                         008007  000002  008009     1000E       0  CONFIG      2


UNUSED ADDRESS RANGES

        Name                Unused          Largest block    Delta
        BANK0            00055-0006F              1B           1
        BANK1            000A0-000BF              20           1
        BIGRAM           02000-0206F              70           1
        CODE             00002-0045B             45A           2
        COMMON           0007D-0007D               1           1
        CONST            00002-0045B             100           2
        ENTRY            00002-0045B             100           2
        IDLOC            08000-08003               4           2
        RAM              00055-0006F              1B           1
                         000A0-000BF              20
        SFR0             00000-0001F              20           1
        SFR1             00080-0009F              20           1
        SFR10            00500-0056F              70           1
        SFR11            00580-005EF              70           1
        SFR12            00600-0066F              70           1
        SFR13            00680-006EF              70           1
        SFR14            00700-0076F              70           1
        SFR15            00780-007EF              70           1
        SFR16            00800-0086F              70           1
        SFR17            00880-008EF              70           1
        SFR18            00900-0096F              70           1
        SFR19            00980-009EF              70           1
        SFR2             00100-0016F              70           1
        SFR20            00A00-00A6F              70           1
        SFR21            00A80-00AEF              70           1
        SFR22            00B00-00B6F              70           1
        SFR23            00B80-00BEF              70           1
        SFR24            00C00-00C6F              70           1
        SFR25            00C80-00CEF              70           1
        SFR26            00D00-00D6F              70           1
        SFR27            00D80-00DEF              70           1
        SFR28            00E00-00E6F              70           1
        SFR29            00E80-00EEF              70           1
        SFR3             00180-001EF              70           1
        SFR30            00F00-00F6F              70           1
        SFR31            00F80-00FEF              70           1
        SFR4             00200-0026F              70           1
        SFR5             00280-002EF              70           1
        SFR6             00300-0036F              70           1
        SFR7             00380-003EF              70           1
        SFR8             00400-0046F              70           1
        SFR9             00480-004EF              70           1
        STACK            02035-0206F              3B           1
        STRCODE          00002-0045B             45A           2
        STRING           00002-0045B             100           2

                                  Symbol Table

?___ftdiv                cstackBANK0  00024
?___ftmul                cstackBANK0  00034
?___ftpack               cstackCOMMON 00070
?___fttol                cstackBANK0  00044
?___lbtoft               cstackCOMMON 00078
SPI_writeArray@data      cstackCOMMON 00078
SPI_writeArray@i         cstackCOMMON 00077
SPI_writeArray@length    cstackCOMMON 00073
SPI_writeArray@ret       cstackCOMMON 00076
SPI_write_byte@data      cstackCOMMON 00071
SPI_write_byte@ret_data  cstackCOMMON 00072
_ANSELA                  (abs)        0018C
_ANSELC                  (abs)        0018E
_APFCON                  (abs)        0011D
_LATAbits                (abs)        0010C
_LATCbits                (abs)        0010E
_OPTION_REGbits          (abs)        00095
_OSCCON                  (abs)        00099
_PIR1bits                (abs)        00011
_PORTAbits               (abs)        0000C
_PR2                     (abs)        0001B
_PWM3CON                 (abs)        00619
_PWM3DCH                 (abs)        00618
_PWM3DCL                 (abs)        00617
_RX_PW_P                 stringtext   00469
_SPI_init                text13       00476
_SPI_writeArray          text4        004FD
_SPI_write_byte          text5        00493
_SSP1BUF                 (abs)        00211
_SSP1CON1bits            (abs)        00215
_SSP1STATbits            (abs)        00214
_T1CON                   (abs)        00018
_T2CON                   (abs)        0001C
_TMR1H                   (abs)        00017
_TMR1L                   (abs)        00016
_TRISAbits               (abs)        0008C
_TRISCbits               (abs)        0008E
_WPUAbits                (abs)        0020C
__CFG_BOREN$OFF          (abs)        00000
__CFG_BORV$LO            (abs)        00000
__CFG_CLKOUTEN$OFF       (abs)        00000
__CFG_CP$OFF             (abs)        00000
__CFG_FOSC$INTOSC        (abs)        00000
__CFG_LPBOR$OFF          (abs)        00000
__CFG_LVP$OFF            (abs)        00000
__CFG_MCLRE$ON           (abs)        00000
__CFG_PWRTE$OFF          (abs)        00000
__CFG_STVREN$ON          (abs)        00000
__CFG_WDTE$OFF           (abs)        00000
__CFG_WRT$OFF            (abs)        00000
__Habs1                  abs1         00000
__Hbank0                 bank0        00000
__Hbank1                 bank1        00000
__Hbank10                bank10       00000
__Hbank11                bank11       00000
__Hbank12                bank12       00000
__Hbank13                bank13       00000
__Hbank14                bank14       00000
__Hbank15                bank15       00000
__Hbank16                bank16       00000
__Hbank17                bank17       00000
__Hbank18                bank18       00000
__Hbank19                bank19       00000
__Hbank2                 bank2        00000
__Hbank20                bank20       00000
__Hbank21                bank21       00000
__Hbank22                bank22       00000
__Hbank23                bank23       00000
__Hbank24                bank24       00000
__Hbank25                bank25       00000
__Hbank26                bank26       00000
__Hbank27                bank27       00000
__Hbank28                bank28       00000
__Hbank29                bank29       00000
__Hbank3                 bank3        00000
__Hbank30                bank30       00000
__Hbank31                bank31       00000
__Hbank4                 bank4        00000
__Hbank5                 bank5        00000
__Hbank6                 bank6        00000
__Hbank7                 bank7        00000
__Hbank8                 bank8        00000
__Hbank9                 bank9        00000
__Hbigram                bigram       00000
__Hcinit                 cinit        00800
__Hclrtext               clrtext      00000
__Hcode                  code         00000
__Hcommon                common       00000
__Hconfig                config       08009
__HcstackBANK0           cstackBANK0  00000
__HcstackCOMMON          cstackCOMMON 00000
__Heeprom_data           eeprom_data  00000
__Hend_init              end_init     00002
__Hfunctab               functab      00000
__Hidloc                 idloc        00000
__Hinit                  init         00001
__Hintentry              intentry     00001
__Hmaintext              maintext     00000
__Hpowerup               powerup      00000
__Hram                   ram          00000
__Hreset_vec             reset_vec    00001
__Hsfr0                  sfr0         00000
__Hsfr1                  sfr1         00000
__Hsfr10                 sfr10        00000
__Hsfr11                 sfr11        00000
__Hsfr12                 sfr12        00000
__Hsfr13                 sfr13        00000
__Hsfr14                 sfr14        00000
__Hsfr15                 sfr15        00000
__Hsfr16                 sfr16        00000
__Hsfr17                 sfr17        00000
__Hsfr18                 sfr18        00000
__Hsfr19                 sfr19        00000
__Hsfr2                  sfr2         00000
__Hsfr20                 sfr20        00000
__Hsfr21                 sfr21        00000
__Hsfr22                 sfr22        00000
__Hsfr23                 sfr23        00000
__Hsfr24                 sfr24        00000
__Hsfr25                 sfr25        00000
__Hsfr26                 sfr26        00000
__Hsfr27                 sfr27        00000
__Hsfr28                 sfr28        00000
__Hsfr29                 sfr29        00000
__Hsfr3                  sfr3         00000
__Hsfr30                 sfr30        00000
__Hsfr31                 sfr31        00000
__Hsfr4                  sfr4         00000
__Hsfr5                  sfr5         00000
__Hsfr6                  sfr6         00000
__Hsfr7                  sfr7         00000
__Hsfr8                  sfr8         00000
__Hsfr9                  sfr9         00000
__Hspace_0               (abs)        08009
__Hspace_1               (abs)        0007D
__Hspace_2               (abs)        00000
__Hspace_3               (abs)        00000
__Hstack                 stack        00000
__Hstrings               strings      00000
__Hstringtext            stringtext   00000
__Htext                  text         00000
__Labs1                  abs1         00000
__Lbank0                 bank0        00000
__Lbank1                 bank1        00000
__Lbank10                bank10       00000
__Lbank11                bank11       00000
__Lbank12                bank12       00000
__Lbank13                bank13       00000
__Lbank14                bank14       00000
__Lbank15                bank15       00000
__Lbank16                bank16       00000
__Lbank17                bank17       00000
__Lbank18                bank18       00000
__Lbank19                bank19       00000
__Lbank2                 bank2        00000
__Lbank20                bank20       00000
__Lbank21                bank21       00000
__Lbank22                bank22       00000
__Lbank23                bank23       00000
__Lbank24                bank24       00000
__Lbank25                bank25       00000
__Lbank26                bank26       00000
__Lbank27                bank27       00000
__Lbank28                bank28       00000
__Lbank29                bank29       00000
__Lbank3                 bank3        00000
__Lbank30                bank30       00000
__Lbank31                bank31       00000
__Lbank4                 bank4        00000
__Lbank5                 bank5        00000
__Lbank6                 bank6        00000
__Lbank7                 bank7        00000
__Lbank8                 bank8        00000
__Lbank9                 bank9        00000
__Lbigram                bigram       00000
__Lcinit                 cinit        007FE
__Lclrtext               clrtext      00000
__Lcode                  code         00000
__Lcommon                common       00000
__Lconfig                config       08007
__LcstackBANK0           cstackBANK0  00000
__LcstackCOMMON          cstackCOMMON 00000
__Leeprom_data           eeprom_data  00000
__Lend_init              end_init     00001
__Lfunctab               functab      00000
__Lidloc                 idloc        00000
__Linit                  init         00001
__Lintentry              intentry     00001
__Lmaintext              maintext     00000
__Lpowerup               powerup      00000
__Lram                   ram          00000
__Lreset_vec             reset_vec    00000
__Lsfr0                  sfr0         00000
__Lsfr1                  sfr1         00000
__Lsfr10                 sfr10        00000
__Lsfr11                 sfr11        00000
__Lsfr12                 sfr12        00000
__Lsfr13                 sfr13        00000
__Lsfr14                 sfr14        00000
__Lsfr15                 sfr15        00000
__Lsfr16                 sfr16        00000
__Lsfr17                 sfr17        00000
__Lsfr18                 sfr18        00000
__Lsfr19                 sfr19        00000
__Lsfr2                  sfr2         00000
__Lsfr20                 sfr20        00000
__Lsfr21                 sfr21        00000
__Lsfr22                 sfr22        00000
__Lsfr23                 sfr23        00000
__Lsfr24                 sfr24        00000
__Lsfr25                 sfr25        00000
__Lsfr26                 sfr26        00000
__Lsfr27                 sfr27        00000
__Lsfr28                 sfr28        00000
__Lsfr29                 sfr29        00000
__Lsfr3                  sfr3         00000
__Lsfr30                 sfr30        00000
__Lsfr31                 sfr31        00000
__Lsfr4                  sfr4         00000
__Lsfr5                  sfr5         00000
__Lsfr6                  sfr6         00000
__Lsfr7                  sfr7         00000
__Lsfr8                  sfr8         00000
__Lsfr9                  sfr9         00000
__Lspace_0               (abs)        00000
__Lspace_1               (abs)        00000
__Lspace_2               (abs)        00000
__Lspace_3               (abs)        00000
__Lstack                 stack        00000
__Lstrings               strings      00000
__Lstringtext            stringtext   00000
__Ltext                  text         00000
__S0                     (abs)        08009
__S1                     (abs)        0007D
__S2                     (abs)        00000
___ftdiv                 text11       006A3
___ftdiv@cntr            cstackBANK0  0002E
___ftdiv@exp             cstackBANK0  00032
___ftdiv@f1              cstackBANK0  00027
___ftdiv@f2              cstackBANK0  00024
___ftdiv@f3              cstackBANK0  0002F
___ftdiv@sign            cstackBANK0  00033
___ftmul                 text10       0074B
___ftmul@cntr            cstackBANK0  00042
___ftmul@exp             cstackBANK0  0003E
___ftmul@f1              cstackBANK0  00034
___ftmul@f2              cstackBANK0  00037
___ftmul@f3_as_product   cstackBANK0  0003F
___ftmul@sign            cstackBANK0  00043
___ftpack                text12       005B8
___ftpack@arg            cstackCOMMON 00070
___ftpack@exp            cstackCOMMON 00073
___ftpack@sign           cstackCOMMON 00074
___fttol                 text9        0061C
___fttol@exp1            cstackBANK0  00051
___fttol@f1              cstackBANK0  00044
___fttol@lval            cstackBANK0  0004D
___fttol@sign1           cstackBANK0  0004C
___int_sp                stack        00000
___latbits               (abs)        00000
___lbtoft                text8        004E4
___lbtoft@c              cstackCOMMON 0007B
___sp                    stack        00000
__end_of_RX_ADDR_P       stringtext   00475
__end_of_RX_PW_P         stringtext   0046F
__end_of_SPI_init        text13       00484
__end_of_SPI_writeArray  text4        00518
__end_of_SPI_write_byte  text5        004A3
__end_of_TX_ADDR         stringtext   00476
__end_of___ftdiv         text11       0074B
__end_of___ftmul         text10       007FE
__end_of___ftpack        text12       0061C
__end_of___fttol         text9        006A3
__end_of___lbtoft        text8        004FD
__end_of__initialization cinit        007FE
__end_of_configIO        text14       004B7
__end_of_configLEDTimer  text6        004E4
__end_of_configureRX     text3        005B8
__end_of_main            maintext     0055E
__end_of_readData        text2        00469
__end_of_resetIRQ        text1        00493
__end_of_setDutyCycle    text7        004CC
__initialization         cinit        007FE
__pcstackBANK0           cstackBANK0  00020
__pcstackCOMMON          cstackCOMMON 00070
__pmaintext              maintext     00518
__pstringtext            stringtext   00469
__ptext1                 text1        00484
__ptext10                text10       0074B
__ptext11                text11       006A3
__ptext12                text12       005B8
__ptext13                text13       00476
__ptext14                text14       004A3
__ptext2                 text2        0045C
__ptext3                 text3        0055E
__ptext4                 text4        004FD
__ptext5                 text5        00493
__ptext6                 text6        004CC
__ptext7                 text7        004B7
__ptext8                 text8        004E4
__ptext9                 text9        0061C
__size_of_SPI_init       (abs)        00000
__size_of_SPI_writeArray (abs)        00000
__size_of_SPI_write_byte (abs)        00000
__size_of___ftdiv        (abs)        00000
__size_of___ftmul        (abs)        00000
__size_of___ftpack       (abs)        00000
__size_of___fttol        (abs)        00000
__size_of___lbtoft       (abs)        00000
__size_of_configIO       (abs)        00000
__size_of_configLEDTimer (abs)        00000
__size_of_configureRX    (abs)        00000
__size_of_main           (abs)        00000
__size_of_readData       (abs)        00000
__size_of_resetIRQ       (abs)        00000
__size_of_setDutyCycle   (abs)        00000
_configIO                text14       004A3
_configLEDTimer          text6        004CC
_configureRX             text3        0055E
_main                    maintext     00518
_readData                text2        0045C
_resetIRQ                text1        00484
_setDutyCycle            text7        004B7
btemp                    (abs)        0007E
configLEDTimer@dc        cstackCOMMON 00076
configureRX@write        cstackCOMMON 0007A
end_of_initialization    cinit        007FE
intlevel0                functab      00000
intlevel1                functab      00000
intlevel2                functab      00000
intlevel3                functab      00000
intlevel4                functab      00000
intlevel5                functab      00000
main@data                cstackBANK0  00054
main@dc                  cstackBANK0  00052
readData@ret             cstackCOMMON 00074
resetIRQ@write           cstackCOMMON 0007A
reset_vec                reset_vec    00000
setDutyCycle@dc          cstackCOMMON 00070
setDutyCycle@masked      cstackCOMMON 00074
stackhi                  (abs)        0206F
stacklo                  (abs)        02035
start                    init         00001
start_initialization     cinit        007FE
wtemp0                   (abs)        0007E


FUNCTION INFORMATION:

 *************** function _main *****************
 Defined at:
		line 54 in file "receiver.c"
 Parameters:    Size  Location     Type
		None
 Auto vars:     Size  Location     Type
  dc              2   50[BANK0 ] unsigned int 
  data            1   52[BANK0 ] unsigned char 
 Return value:  Size  Location     Type
                  1    wreg      void 
 Registers used:
		wreg, fsr0l, fsr0h, fsr1l, fsr1h, status,2, status,0, pclath, cstack
 Tracked objects:
		On entry : 
		On exit  : 
		Unchanged: 
 Data sizes:     COMMON   BANK0   BANK1
      Params:         0       0       0
      Locals:         0       3       0
      Temps:          1       0       0
      Totals:         1       3       0
Total ram usage:        4 bytes
 Hardware stack levels required when called:    3
 This function calls:
		_SPI_init
		___ftdiv
		___ftmul
		___fttol
		___lbtoft
		_configLEDTimer
		_configureRX
		_readData
		_resetIRQ
		_setDutyCycle
 This function is called by:
		Startup code after reset
 This function uses a non-reentrant model


 *************** function _resetIRQ *****************
 Defined at:
		line 73 in file "spi.c"
 Parameters:    Size  Location     Type
		None
 Auto vars:     Size  Location     Type
  write           2   10[COMMON] unsigned char [2]
 Return value:  Size  Location     Type
                  1    wreg      void 
 Registers used:
		wreg, fsr1l, fsr1h, status,2, status,0, pclath, cstack
 Tracked objects:
		On entry : 
		On exit  : 
		Unchanged: 
 Data sizes:     COMMON   BANK0   BANK1
      Params:         0       0       0
      Locals:         2       0       0
      Temps:          1       0       0
      Totals:         3       0       0
Total ram usage:        3 bytes
 Hardware stack levels used:    1
 Hardware stack levels required when called:    2
 This function calls:
		_SPI_writeArray
 This function is called by:
		_main
 This function uses a non-reentrant model


 *************** function _readData *****************
 Defined at:
		line 119 in file "receiver.c"
 Parameters:    Size  Location     Type
		None
 Auto vars:     Size  Location     Type
  ret             1    4[COMMON] unsigned char 
 Return value:  Size  Location     Type
                  1    wreg      unsigned char 
 Registers used:
		wreg, status,2, status,0, pclath, cstack
 Tracked objects:
		On entry : 
		On exit  : 
		Unchanged: 
 Data sizes:     COMMON   BANK0   BANK1
      Params:         0       0       0
      Locals:         1       0       0
      Temps:          1       0       0
      Totals:         2       0       0
Total ram usage:        2 bytes
 Hardware stack levels used:    1
 Hardware stack levels required when called:    1
 This function calls:
		_SPI_write_byte
 This function is called by:
		_main
 This function uses a non-reentrant model


 *************** function _configureRX *****************
 Defined at:
		line 81 in file "receiver.c"
 Parameters:    Size  Location     Type
		None
 Auto vars:     Size  Location     Type
  write           2   10[COMMON] unsigned char [2]
 Return value:  Size  Location     Type
                  1    wreg      void 
 Registers used:
		wreg, fsr0l, fsr0h, fsr1l, fsr1h, status,2, status,0, pclath, cstack
 Tracked objects:
		On entry : 
		On exit  : 
		Unchanged: 
 Data sizes:     COMMON   BANK0   BANK1
      Params:         0       0       0
      Locals:         2       0       0
      Temps:          1       0       0
      Totals:         3       0       0
Total ram usage:        3 bytes
 Hardware stack levels used:    1
 Hardware stack levels required when called:    2
 This function calls:
		_SPI_writeArray
 This function is called by:
		_main
 This function uses a non-reentrant model


 *************** function _SPI_writeArray *****************
 Defined at:
		line 54 in file "spi.c"
 Parameters:    Size  Location     Type
  data            1    wreg     PTR unsigned char 
		 -> configureRX@write(2), resetIRQ@write(2), 
  length          1    3[COMMON] unsigned char 
 Auto vars:     Size  Location     Type
  data            1    8[COMMON] PTR unsigned char 
		 -> configureRX@write(2), resetIRQ@write(2), 
  i               1    7[COMMON] unsigned char 
  ret             1    6[COMMON] unsigned char 
 Return value:  Size  Location     Type
                  1    wreg      unsigned char 
 Registers used:
		wreg, fsr1l, fsr1h, status,2, status,0, pclath, cstack
 Tracked objects:
		On entry : 
		On exit  : 
		Unchanged: 
 Data sizes:     COMMON   BANK0   BANK1
      Params:         1       0       0
      Locals:         3       0       0
      Temps:          2       0       0
      Totals:         6       0       0
Total ram usage:        6 bytes
 Hardware stack levels used:    1
 Hardware stack levels required when called:    1
 This function calls:
		_SPI_write_byte
 This function is called by:
		_resetIRQ
		_configureRX
 This function uses a non-reentrant model


 *************** function _SPI_write_byte *****************
 Defined at:
		line 46 in file "spi.c"
 Parameters:    Size  Location     Type
  data            1    wreg     unsigned char 
 Auto vars:     Size  Location     Type
  data            1    1[COMMON] unsigned char 
  ret_data        1    2[COMMON] unsigned char 
 Return value:  Size  Location     Type
                  1    wreg      unsigned char 
 Registers used:
		wreg
 Tracked objects:
		On entry : 
		On exit  : 
		Unchanged: 
 Data sizes:     COMMON   BANK0   BANK1
      Params:         0       0       0
      Locals:         2       0       0
      Temps:          1       0       0
      Totals:         3       0       0
Total ram usage:        3 bytes
 Hardware stack levels used:    1
 This function calls:
		Nothing
 This function is called by:
		_SPI_writeArray
		_readData
		_SPI_read_byte
 This function uses a non-reentrant model


 *************** function _configLEDTimer *****************
 Defined at:
		line 127 in file "receiver.c"
 Parameters:    Size  Location     Type
  dc              2    6[COMMON] unsigned int 
 Auto vars:     Size  Location     Type
		None
 Return value:  Size  Location     Type
                  1    wreg      void 
 Registers used:
		wreg, status,2, status,0, pclath, cstack
 Tracked objects:
		On entry : 
		On exit  : 
		Unchanged: 
 Data sizes:     COMMON   BANK0   BANK1
      Params:         2       0       0
      Locals:         0       0       0
      Temps:          0       0       0
      Totals:         2       0       0
Total ram usage:        2 bytes
 Hardware stack levels used:    1
 Hardware stack levels required when called:    1
 This function calls:
		_setDutyCycle
 This function is called by:
		_main
 This function uses a non-reentrant model


 *************** function _setDutyCycle *****************
 Defined at:
		line 152 in file "receiver.c"
 Parameters:    Size  Location     Type
  dc              2    0[COMMON] unsigned int 
 Auto vars:     Size  Location     Type
  masked          2    4[COMMON] unsigned int 
 Return value:  Size  Location     Type
                  1    wreg      void 
 Registers used:
		wreg, status,2, status,0
 Tracked objects:
		On entry : 
		On exit  : 
		Unchanged: 
 Data sizes:     COMMON   BANK0   BANK1
      Params:         2       0       0
      Locals:         2       0       0
      Temps:          2       0       0
      Totals:         6       0       0
Total ram usage:        6 bytes
 Hardware stack levels used:    1
 This function calls:
		Nothing
 This function is called by:
		_main
		_configLEDTimer
 This function uses a non-reentrant model


 *************** function ___lbtoft *****************
 Defined at:
		line 27 in file "C:\Program Files (x86)\Microchip\xc8\v1.41\sources\common\lbtoft.c"
 Parameters:    Size  Location     Type
  c               1    wreg     unsigned char 
 Auto vars:     Size  Location     Type
  c               1   11[COMMON] unsigned char 
 Return value:  Size  Location     Type
                  3    8[COMMON] float 
 Registers used:
		wreg, status,2, status,0, pclath, cstack
 Tracked objects:
		On entry : 
		On exit  : 
		Unchanged: 
 Data sizes:     COMMON   BANK0   BANK1
      Params:         3       0       0
      Locals:         1       0       0
      Temps:          0       4       0
      Totals:         4       4       0
Total ram usage:        8 bytes
 Hardware stack levels used:    1
 Hardware stack levels required when called:    1
 This function calls:
		___ftpack
 This function is called by:
		_main
 This function uses a non-reentrant model


 *************** function ___fttol *****************
 Defined at:
		line 44 in file "C:\Program Files (x86)\Microchip\xc8\v1.41\sources\common\fttol.c"
 Parameters:    Size  Location     Type
  f1              3   36[BANK0 ] float 
 Auto vars:     Size  Location     Type
  lval            4   45[BANK0 ] unsigned long 
  exp1            1   49[BANK0 ] unsigned char 
  sign1           1   44[BANK0 ] unsigned char 
 Return value:  Size  Location     Type
                  4   36[BANK0 ] long 
 Registers used:
		wreg, status,2, status,0
 Tracked objects:
		On entry : 
		On exit  : 
		Unchanged: 
 Data sizes:     COMMON   BANK0   BANK1
      Params:         0       4       0
      Locals:         0       6       0
      Temps:          0       4       0
      Totals:         0      14       0
Total ram usage:       14 bytes
 Hardware stack levels used:    1
 This function calls:
		Nothing
 This function is called by:
		_main
 This function uses a non-reentrant model


 *************** function ___ftmul *****************
 Defined at:
		line 62 in file "C:\Program Files (x86)\Microchip\xc8\v1.41\sources\common\ftmul.c"
 Parameters:    Size  Location     Type
  f1              3   20[BANK0 ] float 
  f2              3   23[BANK0 ] float 
 Auto vars:     Size  Location     Type
  f3_as_produc    3   31[BANK0 ] unsigned um
  sign            1   35[BANK0 ] unsigned char 
  cntr            1   34[BANK0 ] unsigned char 
  exp             1   30[BANK0 ] unsigned char 
 Return value:  Size  Location     Type
                  3   20[BANK0 ] float 
 Registers used:
		wreg, status,2, status,0, pclath, cstack
 Tracked objects:
		On entry : 
		On exit  : 
		Unchanged: 
 Data sizes:     COMMON   BANK0   BANK1
      Params:         0       6       0
      Locals:         0       6       0
      Temps:          0       4       0
      Totals:         0      16       0
Total ram usage:       16 bytes
 Hardware stack levels used:    1
 Hardware stack levels required when called:    1
 This function calls:
		___ftpack
 This function is called by:
		_main
 This function uses a non-reentrant model


 *************** function ___ftdiv *****************
 Defined at:
		line 56 in file "C:\Program Files (x86)\Microchip\xc8\v1.41\sources\common\ftdiv.c"
 Parameters:    Size  Location     Type
  f2              3    4[BANK0 ] float 
  f1              3    7[BANK0 ] float 
 Auto vars:     Size  Location     Type
  f3              3   15[BANK0 ] float 
  sign            1   19[BANK0 ] unsigned char 
  exp             1   18[BANK0 ] unsigned char 
  cntr            1   14[BANK0 ] unsigned char 
 Return value:  Size  Location     Type
                  3    4[BANK0 ] float 
 Registers used:
		wreg, status,2, status,0, pclath, cstack
 Tracked objects:
		On entry : 
		On exit  : 
		Unchanged: 
 Data sizes:     COMMON   BANK0   BANK1
      Params:         0       6       0
      Locals:         0       6       0
      Temps:          0       4       0
      Totals:         0      16       0
Total ram usage:       16 bytes
 Hardware stack levels used:    1
 Hardware stack levels required when called:    1
 This function calls:
		___ftpack
 This function is called by:
		_main
 This function uses a non-reentrant model


 *************** function ___ftpack *****************
 Defined at:
		line 62 in file "C:\Program Files (x86)\Microchip\xc8\v1.41\sources\common\float.c"
 Parameters:    Size  Location     Type
  arg             3    0[COMMON] unsigned um
  exp             1    3[COMMON] unsigned char 
  sign            1    4[COMMON] unsigned char 
 Auto vars:     Size  Location     Type
		None
 Return value:  Size  Location     Type
                  3    0[COMMON] float 
 Registers used:
		wreg, status,2, status,0
 Tracked objects:
		On entry : 
		On exit  : 
		Unchanged: 
 Data sizes:     COMMON   BANK0   BANK1
      Params:         5       0       0
      Locals:         0       0       0
      Temps:          3       0       0
      Totals:         8       0       0
Total ram usage:        8 bytes
 Hardware stack levels used:    1
 This function calls:
		Nothing
 This function is called by:
		___ftdiv
		___ftmul
		___lbtoft
 This function uses a non-reentrant model


 *************** function _SPI_init *****************
 Defined at:
		line 35 in file "spi.c"
 Parameters:    Size  Location     Type
		None
 Auto vars:     Size  Location     Type
		None
 Return value:  Size  Location     Type
                  1    wreg      void 
 Registers used:
		wreg, status,2, status,0, pclath, cstack
 Tracked objects:
		On entry : 
		On exit  : 
		Unchanged: 
 Data sizes:     COMMON   BANK0   BANK1
      Params:         0       0       0
      Locals:         0       0       0
      Temps:          0       0       0
      Totals:         0       0       0
Total ram usage:        0 bytes
 Hardware stack levels used:    1
 Hardware stack levels required when called:    1
 This function calls:
		_configIO
 This function is called by:
		_main
 This function uses a non-reentrant model


 *************** function _configIO *****************
 Defined at:
		line 19 in file "spi.c"
 Parameters:    Size  Location     Type
		None
 Auto vars:     Size  Location     Type
		None
 Return value:  Size  Location     Type
                  1    wreg      void 
 Registers used:
		wreg, status,2
 Tracked objects:
		On entry : 
		On exit  : 
		Unchanged: 
 Data sizes:     COMMON   BANK0   BANK1
      Params:         0       0       0
      Locals:         0       0       0
      Temps:          0       0       0
      Totals:         0       0       0
Total ram usage:        0 bytes
 Hardware stack levels used:    1
 This function calls:
		Nothing
 This function is called by:
		_SPI_init
 This function uses a non-reentrant model



MODULE INFORMATION

Module		Function		Class		Link	Load	Size
C:\Program Files (x86)\Microchip\xc8\v1.41\sources\common\fttol.c
		___fttol       		CODE           	061C	0000	136

C:\Program Files (x86)\Microchip\xc8\v1.41\sources\common\fttol.c estimated size: 136

C:\Program Files (x86)\Microchip\xc8\v1.41\sources\common\float.c
		___ftpack      		CODE           	05B8	0000	101

C:\Program Files (x86)\Microchip\xc8\v1.41\sources\common\float.c estimated size: 101

spi.c
		_SPI_init      		CODE           	0476	0000	15
		_SPI_write_byte		CODE           	0493	0000	17
		_SPI_writeArray		CODE           	04FD	0000	28
		_resetIRQ      		CODE           	0484	0000	16
		_configIO      		CODE           	04A3	0000	21

spi.c estimated size: 97

shared
		_RX_ADDR_P     		STRCODE        	0000	0000	0
		_TX_ADDR       		STRCODE        	0000	0000	0
		_RX_PW_P       		STRCODE        	0469	0000	7
		__initialization		CODE           	07FE	0000	1

shared estimated size: 8

C:\Program Files (x86)\Microchip\xc8\v1.41\sources\common\lbtoft.c
		___lbtoft      		CODE           	04E4	0000	26

C:\Program Files (x86)\Microchip\xc8\v1.41\sources\common\lbtoft.c estimated size: 26

receiver.c
		_configureRX   		CODE           	055E	0000	91
		_configLEDTimer		CODE           	04CC	0000	25
		_readData      		CODE           	045C	0000	14
		_main          		CODE           	0518	0000	71
		_setDutyCycle  		CODE           	04B7	0000	22

receiver.c estimated size: 223

C:\Program Files (x86)\Microchip\xc8\v1.41\sources\common\ftmul.c
		___ftmul       		CODE           	074B	0000	180

C:\Program Files (x86)\Microchip\xc8\v1.41\sources\common\ftmul.c estimated size: 180

C:\Program Files (x86)\Microchip\xc8\v1.41\sources\common\ftdiv.c
		___ftdiv       		CODE           	06A3	0000	169

C:\Program Files (x86)\Microchip\xc8\v1.41\sources\common\ftdiv.c estimated size: 169

